should render secret with app key:
  1: |
    apiVersion: v1
    data:
      app-key: YmFzZTY0OnRlc3RrZXkxMjM0NTY3ODkwMTIzNDU2Nzg5MDEyMzQ1Njc4OTA=
    kind: Secret
    metadata:
      labels:
        app.kubernetes.io/instance: RELEASE-NAME
        app.kubernetes.io/managed-by: Helm
        app.kubernetes.io/name: databasement
        app.kubernetes.io/version: 1.0.0
        helm.sh/chart: databasement-0.1.0
      name: RELEASE-NAME-databasement
    type: Opaque
