should render serviceaccount with default values:
  1: |
    apiVersion: v1
    automountServiceAccountToken: true
    kind: ServiceAccount
    metadata:
      labels:
        app.kubernetes.io/instance: RELEASE-NAME
        app.kubernetes.io/managed-by: Helm
        app.kubernetes.io/name: databasement
        app.kubernetes.io/version: 1.0.0
        helm.sh/chart: databasement-0.1.0
      name: RELEASE-NAME-databasement
